******************************************************************************
                  TI ARM Linker PC v18.1.1                     
******************************************************************************
>> Linked Tue Sep 11 14:46:46 2018

OUTPUT FILE NAME:   <lab1.out>
ENTRY POINT SYMBOL: "_c_int00_noargs"  address: 00002525


MEMORY CONFIGURATION

         name            origin    length      used     unused   attr    fill
----------------------  --------  ---------  --------  --------  ----  --------
  MAIN                  00000000   00040000  00002828  0003d7d8  R  X
  INFO                  00200000   00004000  00000000  00004000  R  X
  SRAM_CODE             01000000   00010000  00000318  0000fce8  RW X
  SRAM_DATA             20000000   00010000  00000318  0000fce8  RW  


SEGMENT ALLOCATION MAP

run origin  load origin   length   init length attrs members
----------  ----------- ---------- ----------- ----- -------
00000000    00000000    00002828   00002828    r-x
  00000000    00000000    000000e4   000000e4    r-- .intvecs
  000000e4    000000e4    000025c0   000025c0    r-x .text
  000026a4    000026a4    0000013c   0000013c    r-- .const
  000027e0    000027e0    00000048   00000048    r-- .cinit
20000000    20000000    00000118   00000000    rw-
  20000000    20000000    00000100   00000000    rw- .bss
  20000100    20000100    00000018   00000000    rw- .data
2000fe00    2000fe00    00000200   00000000    rw-
  2000fe00    2000fe00    00000200   00000000    rw- .stack


SECTION ALLOCATION MAP

 output                                  attributes/
section   page    origin      length       input sections
--------  ----  ----------  ----------   ----------------
.intvecs   0    00000000    000000e4     
                  00000000    000000e4     startup_msp432p401r_ccs.obj (.intvecs:retain)

.text      0    000000e4    000025c0     
                  000000e4    00000a5e     rtsv7M4_T_le_v4SPD16_eabi.lib : _printfi.c.obj (.text:__TI_printfi)
                  00000b42    00000002                                   : div0.asm.obj (.text)
                  00000b44    000003b8     main.obj (.text)
                  00000efc    00000334     system_msp432p401r.obj (.text)
                  00001230    00000270     rtsv7M4_T_le_v4SPD16_eabi.lib : _printfi.c.obj (.text:_pconv_a)
                  000014a0    000001d0                                   : _printfi.c.obj (.text:_pconv_g)
                  00001670    000001b6                                   : fd_add_t2.asm.obj (.text)
                  00001826    00000002     --HOLE-- [fill = 0]
                  00001828    0000013c                                   : _printfi.c.obj (.text:_pconv_e)
                  00001964    00000136                                   : fd_div_t2.asm.obj (.text)
                  00001a9a    00000002     --HOLE-- [fill = 0]
                  00001a9c    00000120                                   : _printfi.c.obj (.text:fcvt)
                  00001bbc    00000110                                   : s_scalbn.c.obj (.text:scalbn)
                  00001ccc    000000fc                                   : fd_mul_t2.asm.obj (.text)
                  00001dc8    000000b1                                   : _printfi.c.obj (.text:_ltostr)
                  00001e79    00000001     --HOLE-- [fill = 0]
                  00001e7a    0000009c                                   : memcpy_t2.asm.obj (.text)
                  00001f16    00000096                                   : ull_div_t2.asm.obj (.text)
                  00001fac    00000086                                   : fd_cmp_t2.asm.obj (.text:__aeabi_cdcmple)
                  00002032    00000086                                   : fd_cmp_t2.asm.obj (.text:__aeabi_cdrcmple)
                  000020b8    0000007a                                   : memset_t2.asm.obj (.text)
                  00002132    0000006e                                   : _printfi.c.obj (.text:_mcpy)
                  000021a0    00000068                                   : copy_decompress_lzss.c.obj (.text:decompress:lzss:__TI_decompress_lzss)
                  00002208    00000064                                   : s_frexp.c.obj (.text:frexp)
                  0000226c    00000058     fletcher16.obj (.text)
                  000022c4    00000056     rtsv7M4_T_le_v4SPD16_eabi.lib : _printfi.c.obj (.text:_pconv_f)
                  0000231a    00000054                                   : ltoa.c.obj (.text:ltoa)
                  0000236e    00000052                                   : _printfi.c.obj (.text:_ecpy)
                  000023c0    0000004c                                   : atoi.c.obj (.text:atoi)
                  0000240c    0000004c                                   : snprintf.c.obj (.text:snprintf)
                  00002458    00000048                                   : fd_toi_t2.asm.obj (.text)
                  000024a0    00000044                                   : autoinit.c.obj (.text:__TI_auto_init_nobinit_nopinit:__TI_auto_init_nobinit_nopinit)
                  000024e4    0000003e                                   : _printfi.c.obj (.text:_fcpy)
                  00002522    00000002     --HOLE-- [fill = 0]
                  00002524    00000038                                   : boot_cortex_m.c.obj (.text:_c_int00_noargs:_c_int00_noargs)
                  0000255c    00000030                                   : snprintf.c.obj (.text:_outs)
                  0000258c    0000002e                                   : i_tofd_t2.asm.obj (.text)
                  000025ba    00000002     --HOLE-- [fill = 0]
                  000025bc    00000024     msp432p4xx_driverlib.lib : cs.o (.text:CS_setDCOCenteredFrequency)
                  000025e0    0000001c     rtsv7M4_T_le_v4SPD16_eabi.lib : memccpy.c.obj (.text:memccpy)
                  000025fc    00000018                                   : snprintf.c.obj (.text:_outc)
                  00002614    00000016                                   : strchr.c.obj (.text:strchr)
                  0000262a    00000014                                   : s_copysign.c.obj (.text:copysign)
                  0000263e    00000014                                   : strlen.c.obj (.text:strlen)
                  00002652    00000012                                   : copy_zero_init.c.obj (.text:decompress:ZI:__TI_zero_init_nomemset:__TI_zero_init_nomemset)
                  00002664    00000012                                   : wcslen.c.obj (.text:wcslen)
                  00002676    0000000e                                   : copy_decompress_none.c.obj (.text:decompress:none:__TI_decompress_none)
                  00002684    0000000e     startup_msp432p401r_ccs.obj (.text)
                  00002692    00000002     --HOLE-- [fill = 0]
                  00002694    00000008     rtsv7M4_T_le_v4SPD16_eabi.lib : errno.c.obj (.text:__aeabi_errno_addr)
                  0000269c    00000004                                   : pre_init.c.obj (.text:_system_pre_init)
                  000026a0    00000004                                   : exit.c.obj (.text:abort:abort)

.const     0    000026a4    0000013c     
                  000026a4    00000101     rtsv7M4_T_le_v4SPD16_eabi.lib : ctype.c.obj (.const:.string:_ctypes_)
                  000027a5    00000003     --HOLE-- [fill = 0]
                  000027a8    00000024     main.obj (.const:Uart115200Config)
                  000027cc    00000014     main.obj (.const:i2cConfig)

.cinit     0    000027e0    00000048     
                  000027e0    0000001d     (.cinit..data.load) [load image, compression = lzss]
                  000027fd    00000003     --HOLE-- [fill = 0]
                  00002800    0000000c     (__TI_handler_table)
                  0000280c    00000004     --HOLE-- [fill = 0]
                  00002810    00000008     (.cinit..bss.load) [load image, compression = zero_init]
                  00002818    00000010     (__TI_cinit_table)

.init_array 
*          0    00000000    00000000     UNINITIALIZED

.binit     0    00000000    00000000     

.bss       0    20000000    00000100     UNINITIALIZED
                  20000000    00000100     main.obj (.bss:str$1)

.data      0    20000100    00000018     UNINITIALIZED
                  20000100    00000010     main.obj (.data:data$2)
                  20000110    00000004     rtsv7M4_T_le_v4SPD16_eabi.lib : errno.c.obj (.data)
                  20000114    00000004     system_msp432p401r.obj (.data)

.stack     0    2000fe00    00000200     UNINITIALIZED
                  2000fe00    00000004     rtsv7M4_T_le_v4SPD16_eabi.lib : boot_cortex_m.c.obj (.stack)
                  2000fe04    000001fc     --HOLE--

MODULE SUMMARY

       Module                        code   ro data   rw data
       ------                        ----   -------   -------
    .\
       main.obj                      952    56        544    
       system_msp432p401r.obj        820    0         8      
       startup_msp432p401r_ccs.obj   14     228       0      
       fletcher16.obj                88     0         0      
    +--+-----------------------------+------+---------+---------+
       Total:                        1874   284       552    
                                                             
    ../BoardSupportPackage/DriverLib/msp432p4xx_driverlib.lib
       cs.o                          36     0         0      
    +--+-----------------------------+------+---------+---------+
       Total:                        36     0         0      
                                                             
    C:\ti\ccsv8\tools\compiler\ti-cgt-arm_18.1.1.LTS\lib\rtsv7M4_T_le_v4SPD16_eabi.lib
       _printfi.c.obj                4863   0         0      
       fd_add_t2.asm.obj             438    0         0      
       fd_div_t2.asm.obj             310    0         0      
       s_scalbn.c.obj                272    0         0      
       fd_cmp_t2.asm.obj             268    0         0      
       ctype.c.obj                   0      257       0      
       fd_mul_t2.asm.obj             252    0         0      
       memcpy_t2.asm.obj             156    0         0      
       ull_div_t2.asm.obj            150    0         0      
       snprintf.c.obj                148    0         0      
       memset_t2.asm.obj             122    0         0      
       copy_decompress_lzss.c.obj    104    0         0      
       s_frexp.c.obj                 100    0         0      
       ltoa.c.obj                    84     0         0      
       atoi.c.obj                    76     0         0      
       fd_toi_t2.asm.obj             72     0         0      
       autoinit.c.obj                68     0         0      
       boot_cortex_m.c.obj           56     0         0      
       i_tofd_t2.asm.obj             46     0         0      
       memccpy.c.obj                 28     0         0      
       strchr.c.obj                  22     0         0      
       s_copysign.c.obj              20     0         0      
       strlen.c.obj                  20     0         0      
       copy_zero_init.c.obj          18     0         0      
       wcslen.c.obj                  18     0         0      
       errno.c.obj                   8      0         8      
       copy_decompress_none.c.obj    14     0         0      
       exit.c.obj                    4      0         0      
       pre_init.c.obj                4      0         0      
       div0.asm.obj                  2      0         0      
    +--+-----------------------------+------+---------+---------+
       Total:                        7743   257       8      
                                                             
       Stack:                        0      0         1024   
       Linker Generated:             0      65        0      
    +--+-----------------------------+------+---------+---------+
       Grand Total:                  9653   606       1584   


LINKER GENERATED COPY TABLES

__TI_cinit_table @ 00002818 records: 2, size/record: 8, table size: 16
	.data: load addr=000027e0, load size=0000001d bytes, run addr=20000100, run size=00000018 bytes, compression=lzss
	.bss: load addr=00002810, load size=00000008 bytes, run addr=20000000, run size=00000100 bytes, compression=zero_init


LINKER GENERATED HANDLER TABLE

__TI_handler_table @ 00002800 records: 3, size/record: 4, table size: 12
	index: 0, handler: __TI_decompress_lzss
	index: 1, handler: __TI_decompress_none
	index: 2, handler: __TI_zero_init


GLOBAL SYMBOLS: SORTED ALPHABETICALLY BY Name 

address   name                          
-------   ----                          
00002691  ADC14_IRQHandler              
00002691  AES256_IRQHandler             
00002691  BusFault_Handler              
000026a1  C$$EXIT                       
00002691  COMP_E0_IRQHandler            
00002691  COMP_E1_IRQHandler            
00002691  CS_IRQHandler                 
000025bd  CS_setDCOCenteredFrequency    
00002691  DMA_ERR_IRQHandler            
00002691  DMA_INT0_IRQHandler           
00002691  DMA_INT1_IRQHandler           
00002691  DMA_INT2_IRQHandler           
00002691  DMA_INT3_IRQHandler           
00002691  DebugMon_Handler              
00002691  Default_Handler               
00002691  EUSCIA0_IRQHandler            
00002691  EUSCIA1_IRQHandler            
00002691  EUSCIA2_IRQHandler            
00002691  EUSCIA3_IRQHandler            
00002691  EUSCIB0_IRQHandler            
00002691  EUSCIB1_IRQHandler            
00002691  EUSCIB2_IRQHandler            
00002691  EUSCIB3_IRQHandler            
00002691  FLCTL_IRQHandler              
00002691  FPU_IRQHandler                
00000b9f  Fletcher16                    
00002691  HardFault_Handler             
00002691  MemManage_Handler             
00000c47  Modulus255                    
00002691  NMI_Handler                   
00002691  PCM_IRQHandler                
00002691  PORT1_IRQHandler              
00002691  PORT2_IRQHandler              
00002691  PORT3_IRQHandler              
00002691  PORT4_IRQHandler              
00002691  PORT5_IRQHandler              
00002691  PORT6_IRQHandler              
00002691  PSS_IRQHandler                
00002691  PendSV_Handler                
00002691  RTC_C_IRQHandler              
00002685  Reset_Handler                 
00002691  SVC_Handler                   
00002691  SysTick_Handler               
20000114  SystemCoreClock               
00000efd  SystemCoreClockUpdate         
00001175  SystemInit                    
00002691  T32_INT1_IRQHandler           
00002691  T32_INT2_IRQHandler           
00002691  T32_INTC_IRQHandler           
00002691  TA0_0_IRQHandler              
00002691  TA0_N_IRQHandler              
00002691  TA1_0_IRQHandler              
00002691  TA1_N_IRQHandler              
00002691  TA2_0_IRQHandler              
00002691  TA2_N_IRQHandler              
00002691  TA3_0_IRQHandler              
00002691  TA3_N_IRQHandler              
00002691  UsageFault_Handler            
4000480c  WDTCTL_SYM                    
00002691  WDT_A_IRQHandler              
20010000  __STACK_END                   
00000200  __STACK_SIZE                  
00002818  __TI_CINIT_Base               
00002828  __TI_CINIT_Limit              
00002800  __TI_Handler_Table_Base       
0000280c  __TI_Handler_Table_Limit      
000024a1  __TI_auto_init_nobinit_nopinit
000021a1  __TI_decompress_lzss          
00002677  __TI_decompress_none          
ffffffff  __TI_pprof_out_hndl           
000000e5  __TI_printfi                  
ffffffff  __TI_prof_data_size           
ffffffff  __TI_prof_data_start          
00000000  __TI_static_base__            
00002653  __TI_zero_init_nomemset       
00001fad  __aeabi_cdcmpeq               
00001fad  __aeabi_cdcmple               
00002033  __aeabi_cdrcmple              
00002459  __aeabi_d2iz                  
0000167b  __aeabi_dadd                  
00001965  __aeabi_ddiv                  
00001ccd  __aeabi_dmul                  
00001671  __aeabi_dsub                  
00002695  __aeabi_errno_addr            
0000258d  __aeabi_i2d                   
00000b43  __aeabi_idiv0                 
00000b43  __aeabi_ldiv0                 
000020b9  __aeabi_memclr                
000020b9  __aeabi_memclr4               
000020b9  __aeabi_memclr8               
00001e7b  __aeabi_memcpy                
00001e7b  __aeabi_memcpy4               
00001e7b  __aeabi_memcpy8               
000020bb  __aeabi_memset                
000020bb  __aeabi_memset4               
000020bb  __aeabi_memset8               
00001f17  __aeabi_uldivmod              
0000226d  __asm_fletcher16              
ffffffff  __binit__                     
ffffffff  __c_args__                    
UNDEFED   __mpu_init                    
2000fe00  __stack                       
00002525  _c_int00_noargs               
000026a4  _ctypes_                      
UNDEFED   _system_post_cinit            
0000269d  _system_pre_init              
000026a1  abort                         
000023c1  atoi                          
ffffffff  binit                         
0000262b  copysign                      
0000262b  copysignl                     
20000110  errno                         
00002209  frexp                         
00002209  frexpl                        
000027cc  i2cConfig                     
00000c63  i2c_init                      
00000000  interruptVectors              
00001bbd  ldexp                         
00001bbd  ldexpl                        
00000cc7  lp3943_write                  
0000231b  ltoa                          
00000de5  main                          
000025e1  memccpy                       
00001e7b  memcpy                        
000020c1  memset                        
00000d4d  print_leds                    
00001bbd  scalbn                        
00001bbd  scalbnl                       
00000b69  serial_init                   
0000240d  snprintf                      
00002615  strchr                        
0000263f  strlen                        
00002665  wcslen                        


GLOBAL SYMBOLS: SORTED BY Symbol Address 

address   name                          
-------   ----                          
00000000  __TI_static_base__            
00000000  interruptVectors              
000000e5  __TI_printfi                  
00000200  __STACK_SIZE                  
00000b43  __aeabi_idiv0                 
00000b43  __aeabi_ldiv0                 
00000b69  serial_init                   
00000b9f  Fletcher16                    
00000c47  Modulus255                    
00000c63  i2c_init                      
00000cc7  lp3943_write                  
00000d4d  print_leds                    
00000de5  main                          
00000efd  SystemCoreClockUpdate         
00001175  SystemInit                    
00001671  __aeabi_dsub                  
0000167b  __aeabi_dadd                  
00001965  __aeabi_ddiv                  
00001bbd  ldexp                         
00001bbd  ldexpl                        
00001bbd  scalbn                        
00001bbd  scalbnl                       
00001ccd  __aeabi_dmul                  
00001e7b  __aeabi_memcpy                
00001e7b  __aeabi_memcpy4               
00001e7b  __aeabi_memcpy8               
00001e7b  memcpy                        
00001f17  __aeabi_uldivmod              
00001fad  __aeabi_cdcmpeq               
00001fad  __aeabi_cdcmple               
00002033  __aeabi_cdrcmple              
000020b9  __aeabi_memclr                
000020b9  __aeabi_memclr4               
000020b9  __aeabi_memclr8               
000020bb  __aeabi_memset                
000020bb  __aeabi_memset4               
000020bb  __aeabi_memset8               
000020c1  memset                        
000021a1  __TI_decompress_lzss          
00002209  frexp                         
00002209  frexpl                        
0000226d  __asm_fletcher16              
0000231b  ltoa                          
000023c1  atoi                          
0000240d  snprintf                      
00002459  __aeabi_d2iz                  
000024a1  __TI_auto_init_nobinit_nopinit
00002525  _c_int00_noargs               
0000258d  __aeabi_i2d                   
000025bd  CS_setDCOCenteredFrequency    
000025e1  memccpy                       
00002615  strchr                        
0000262b  copysign                      
0000262b  copysignl                     
0000263f  strlen                        
00002653  __TI_zero_init_nomemset       
00002665  wcslen                        
00002677  __TI_decompress_none          
00002685  Reset_Handler                 
00002691  ADC14_IRQHandler              
00002691  AES256_IRQHandler             
00002691  BusFault_Handler              
00002691  COMP_E0_IRQHandler            
00002691  COMP_E1_IRQHandler            
00002691  CS_IRQHandler                 
00002691  DMA_ERR_IRQHandler            
00002691  DMA_INT0_IRQHandler           
00002691  DMA_INT1_IRQHandler           
00002691  DMA_INT2_IRQHandler           
00002691  DMA_INT3_IRQHandler           
00002691  DebugMon_Handler              
00002691  Default_Handler               
00002691  EUSCIA0_IRQHandler            
00002691  EUSCIA1_IRQHandler            
00002691  EUSCIA2_IRQHandler            
00002691  EUSCIA3_IRQHandler            
00002691  EUSCIB0_IRQHandler            
00002691  EUSCIB1_IRQHandler            
00002691  EUSCIB2_IRQHandler            
00002691  EUSCIB3_IRQHandler            
00002691  FLCTL_IRQHandler              
00002691  FPU_IRQHandler                
00002691  HardFault_Handler             
00002691  MemManage_Handler             
00002691  NMI_Handler                   
00002691  PCM_IRQHandler                
00002691  PORT1_IRQHandler              
00002691  PORT2_IRQHandler              
00002691  PORT3_IRQHandler              
00002691  PORT4_IRQHandler              
00002691  PORT5_IRQHandler              
00002691  PORT6_IRQHandler              
00002691  PSS_IRQHandler                
00002691  PendSV_Handler                
00002691  RTC_C_IRQHandler              
00002691  SVC_Handler                   
00002691  SysTick_Handler               
00002691  T32_INT1_IRQHandler           
00002691  T32_INT2_IRQHandler           
00002691  T32_INTC_IRQHandler           
00002691  TA0_0_IRQHandler              
00002691  TA0_N_IRQHandler              
00002691  TA1_0_IRQHandler              
00002691  TA1_N_IRQHandler              
00002691  TA2_0_IRQHandler              
00002691  TA2_N_IRQHandler              
00002691  TA3_0_IRQHandler              
00002691  TA3_N_IRQHandler              
00002691  UsageFault_Handler            
00002691  WDT_A_IRQHandler              
00002695  __aeabi_errno_addr            
0000269d  _system_pre_init              
000026a1  C$$EXIT                       
000026a1  abort                         
000026a4  _ctypes_                      
000027cc  i2cConfig                     
00002800  __TI_Handler_Table_Base       
0000280c  __TI_Handler_Table_Limit      
00002818  __TI_CINIT_Base               
00002828  __TI_CINIT_Limit              
20000110  errno                         
20000114  SystemCoreClock               
2000fe00  __stack                       
20010000  __STACK_END                   
4000480c  WDTCTL_SYM                    
ffffffff  __TI_pprof_out_hndl           
ffffffff  __TI_prof_data_size           
ffffffff  __TI_prof_data_start          
ffffffff  __binit__                     
ffffffff  __c_args__                    
ffffffff  binit                         
UNDEFED   __mpu_init                    
UNDEFED   _system_post_cinit            

[133 symbols]
